
Allocating common symbols
Common symbol       size              file

user_tasks          0x50              main.o

Memory Configuration

Name             Origin             Length             Attributes
FLASH            0x08000000         0x00100000         xr
SRAM             0x20000000         0x00020000         xrw
*default*        0x00000000         0xffffffff

Linker script and memory map

LOAD main.o
LOAD led.o
LOAD stm32_startup.o

.text           0x08000000      0x7e8
 *(.isr_vector)
 .isr_vector    0x08000000      0x184 stm32_startup.o
                0x08000000                vectors
 *(.text)
 .text          0x08000184      0x4dc main.o
                0x08000184                main
                0x080001b0                idle_task
                0x080001b6                task1_handler
                0x080001d8                task2_handler
                0x080001fc                task3_handler
                0x08000220                task4_handler
                0x08000244                init_systick_timer
                0x080002ac                init_scheduler_stack
                0x080002b6                init_tasks_stack
                0x080003d0                enable_processor_faults
                0x0800040c                get_psp_value
                0x0800042c                save_psp_value
                0x08000454                update_next_task
                0x080004dc                switch_sp_to_psp
                0x080004f6                schedule
                0x0800051c                task_delay
                0x0800057c                PendSV_Handler
                0x080005a2                update_global_tick_count
                0x080005bc                unblock_tasks
                0x0800061c                SysTick_Handler
                0x08000648                NMI_Handler
                0x0800064e                HardFault_Handler
                0x08000654                MemManage_Handler
                0x0800065a                BusFault_Handler
 .text          0x08000660       0xfc led.o
                0x08000660                delay
                0x08000688                led_init_all
                0x080006fc                led_on
                0x0800072c                led_off
 .text          0x0800075c       0x8c stm32_startup.o
                0x0800075c                RTC_Alarm_IRQHandler
                0x0800075c                HASH_RNG_IRQHandler
                0x0800075c                EXTI2_IRQHandler
                0x0800075c                TIM8_CC_IRQHandler
                0x0800075c                DebugMon_Handler
                0x0800075c                TIM1_CC_IRQHandler
                0x0800075c                DMA2_Stream5_IRQHandler
                0x0800075c                DMA1_Stream5_IRQHandler
                0x0800075c                PVD_IRQHandler
                0x0800075c                SDIO_IRQHandler
                0x0800075c                TAMP_STAMP_IRQHandler
                0x0800075c                CAN2_RX1_IRQHandler
                0x0800075c                EXTI3_IRQHandler
                0x0800075c                TIM8_TRG_COM_TIM14_IRQHandler
                0x0800075c                TIM1_UP_TIM10_IRQHandler
                0x0800075c                TIM8_UP_TIM13_IRQHandler
                0x0800075c                I2C3_ER_IRQHandler
                0x0800075c                EXTI0_IRQHandler
                0x0800075c                I2C2_EV_IRQHandler
                0x0800075c                DMA1_Stream2_IRQHandler
                0x0800075c                CAN1_RX0_IRQHandler
                0x0800075c                FPU_IRQHandler
                0x0800075c                OTG_HS_WKUP_IRQHandler
                0x0800075c                UsageFault_Handler
                0x0800075c                CAN2_SCE_IRQHandler
                0x0800075c                DMA2_Stream2_IRQHandler
                0x0800075c                SPI1_IRQHandler
                0x0800075c                TIM6_DAC_IRQHandler
                0x0800075c                TIM1_BRK_TIM9_IRQHandler
                0x0800075c                DCMI_IRQHandler
                0x0800075c                CAN2_RX0_IRQHandler
                0x0800075c                DMA2_Stream3_IRQHandler
                0x0800075c                USART6_IRQHandler
                0x0800075c                USART3_IRQHandler
                0x0800075c                CRYP_IRQHandler
                0x0800075c                DMA2_Stream6_IRQHandler
                0x0800075c                CAN1_RX1_IRQHandler
                0x0800075c                UART5_IRQHandler
                0x0800075c                DMA2_Stream0_IRQHandler
                0x0800075c                TIM4_IRQHandler
                0x0800075c                I2C1_EV_IRQHandler
                0x0800075c                DMA1_Stream6_IRQHandler
                0x0800075c                DMA1_Stream1_IRQHandler
                0x0800075c                UART4_IRQHandler
                0x0800075c                TIM3_IRQHandler
                0x0800075c                RCC_IRQHandler
                0x0800075c                TIM8_BRK_TIM12_IRQHandler
                0x0800075c                Default_Handler
                0x0800075c                EXTI15_10_IRQHandler
                0x0800075c                ADC_IRQHandler
                0x0800075c                DMA1_Stream7_IRQHandler
                0x0800075c                TIM7_IRQHandler
                0x0800075c                CAN2_TX_IRQHandler
                0x0800075c                TIM5_IRQHandler
                0x0800075c                DMA2_Stream7_IRQHandler
                0x0800075c                I2C3_EV_IRQHandler
                0x0800075c                EXTI9_5_IRQHandler
                0x0800075c                RTC_WKUP_IRQHandler
                0x0800075c                ETH_WKUP_IRQHandler
                0x0800075c                SPI2_IRQHandler
                0x0800075c                OTG_HS_EP1_IN_IRQHandler
                0x0800075c                DMA1_Stream0_IRQHandler
                0x0800075c                CAN1_TX_IRQHandler
                0x0800075c                SVC_Handler
                0x0800075c                EXTI4_IRQHandler
                0x0800075c                FSMC_IRQHandler
                0x0800075c                ETH_IRQHandler
                0x0800075c                OTG_HS_EP1_OUT_IRQHandler
                0x0800075c                WWDG_IRQHandler
                0x0800075c                TIM2_IRQHandler
                0x0800075c                OTG_FS_WKUP_IRQHandler
                0x0800075c                TIM1_TRG_COM_TIM11_IRQHandler
                0x0800075c                OTG_HS_IRQHandler
                0x0800075c                EXTI1_IRQHandler
                0x0800075c                USART2_IRQHandler
                0x0800075c                I2C2_ER_IRQHandler
                0x0800075c                DMA2_Stream1_IRQHandler
                0x0800075c                CAN1_SCE_IRQHandler
                0x0800075c                DMA2_Stream4_IRQHandler
                0x0800075c                USART1_IRQHandler
                0x0800075c                OTG_FS_IRQHandler
                0x0800075c                SPI3_IRQHandler
                0x0800075c                DMA1_Stream4_IRQHandler
                0x0800075c                I2C1_ER_IRQHandler
                0x0800075c                DMA1_Stream3_IRQHandler
                0x08000762                Reset_Handler
 *(.rodata)
                0x080007e8                . = ALIGN (0x4)
                0x080007e8                _etext = .

.glue_7         0x080007e8        0x0
 .glue_7        0x080007e8        0x0 linker stubs

.glue_7t        0x080007e8        0x0
 .glue_7t       0x080007e8        0x0 linker stubs

.vfp11_veneer   0x080007e8        0x0
 .vfp11_veneer  0x080007e8        0x0 linker stubs

.v4_bx          0x080007e8        0x0
 .v4_bx         0x080007e8        0x0 linker stubs

.iplt           0x080007e8        0x0
 .iplt          0x080007e8        0x0 main.o

.rel.dyn        0x080007e8        0x0
 .rel.iplt      0x080007e8        0x0 main.o

.data           0x20000000        0x4 load address 0x080007e8
                0x20000000                _sdata = .
                0x40000000                start_of_data = 0x20000000
 *(.data)
 .data          0x20000000        0x1 main.o
                0x20000000                current_task
 .data          0x20000001        0x0 led.o
 .data          0x20000001        0x0 stm32_startup.o
                0x20000004                . = ALIGN (0x4)
 *fill*         0x20000001        0x3 
                0x20000004                _edata = .

.igot.plt       0x20000004        0x0 load address 0x080007ec
 .igot.plt      0x20000004        0x0 main.o

.bss            0x20000004       0x54 load address 0x080007ec
                0x20000004                _sbss = .
 *(.bss)
 .bss           0x20000004        0x4 main.o
                0x20000004                g_tick_count
 .bss           0x20000008        0x0 led.o
 .bss           0x20000008        0x0 stm32_startup.o
 *(COMMON)
 COMMON         0x20000008       0x50 main.o
                0x20000008                user_tasks
                0x20000058                . = ALIGN (0x4)
                0x20000058                _ebss = .
OUTPUT(final.elf elf32-littlearm)
LOAD linker stubs

.comment        0x00000000       0x4c
 .comment       0x00000000       0x4c main.o
                                 0x4d (size before relaxing)
 .comment       0x0000004c       0x4d led.o
 .comment       0x0000004c       0x4d stm32_startup.o

.ARM.attributes
                0x00000000       0x2e
 .ARM.attributes
                0x00000000       0x2e main.o
 .ARM.attributes
                0x0000002e       0x2e led.o
 .ARM.attributes
                0x0000005c       0x2e stm32_startup.o
